../Core/Src/main.c:121:5:main	8	static
../Core/Src/main.c:212:6:SystemClock_Config	88	static
../Core/Src/main.c:256:6:HAL_UART_RxCpltCallback	16	static
../Core/Src/main.c:271:6:delay_us	16	static
../Core/Src/main.c:277:6:Set_Pin_Output	40	static
../Core/Src/main.c:286:6:Set_Pin_Input	40	static
../Core/Src/main.c:296:6:motor_control	48	static
../Core/Src/main.c:328:6:sharp_turn	16	static
../Core/Src/main.c:346:5:QTR8_read	224	static
../Core/Src/main.c:499:6:forward_brake	24	static
../Core/Src/main.c:507:6:past_errors	24	static
../Core/Src/main.c:514:5:errors_sum	24	static
../Core/Src/main.c:527:6:PID_control	32	static
../Core/Src/main.c:557:6:Error_Handler	4	static,ignoring_inline_asm
